// Jest Snapshot v1, https://goo.gl/fbAQLP

exports[`H2R › Image processor process images with data-attachment-id 1`] = `
Object {
  "children": Array [
    Object {
      "children": Array [
        Object {
          "children": null,
          "component": [Function],
          "props": Object {
            "id": 23,
            "isContent": true,
            "key": "23",
            "lazyloadContainerSelector": ".content",
          },
          "type": "element",
        },
      ],
      "component": "a",
      "props": Object {},
      "type": "element",
    },
  ],
  "component": [Function],
  "props": Object {
    "context": Object {
      "columns": Array [
        Array [
          Object {
            "id": 23,
            "type": "media",
          },
        ],
        Array [
          Object {
            "id": undefined,
            "type": "media",
          },
        ],
      ],
      "options": Object {
        "bar": "media",
      },
    },
    "eventAction": "open content media",
    "eventCategory": "Post",
    "id": 23,
    "type": "media",
  },
  "type": "element",
}
`;

exports[`H2R › Image processor process images without data-attachment-id 1`] = `
Object {
  "children": null,
  "component": [Function],
  "props": Object {
    "alt": "image 1",
    "height": "auto",
    "isContent": true,
    "key": "media/image.jpg",
    "lazyloadContainerSelector": ".content",
    "src": "media/image.jpg",
    "srcSet": null,
    "width": "100vw",
  },
  "type": "element",
}
`;
